// Jest Snapshot v1, https://goo.gl/fbAQLP

exports[`HomeScreen.styles THEN Container SHOULD match with snapshot when is show 1`] = `
<RCTSafeAreaView
  emulateUnlessSupported={true}
  style={
    Array [
      Object {
        "backgroundColor": "#ffffff",
        "flexBasis": 0,
        "flexGrow": 1,
        "flexShrink": 1,
        "justifyContent": "flex-end",
      },
    ]
  }
/>
`;

exports[`HomeScreen.styles THEN ImageTitle SHOULD match with snapshot when is show 1`] = `
<Image
  style={
    Array [
      Object {
        "alignSelf": "center",
        "height": 200,
        "marginBottom": 100,
        "width": 200,
      },
    ]
  }
/>
`;
