// Jest Snapshot v1, https://goo.gl/fbAQLP

exports[`HomeButton.styles THEN HomeButton SHOULD match with snapshot when is show 1`] = `
<View
  accessible={true}
  focusable={false}
  onClick={[Function]}
  onResponderGrant={[Function]}
  onResponderMove={[Function]}
  onResponderRelease={[Function]}
  onResponderTerminate={[Function]}
  onResponderTerminationRequest={[Function]}
  onStartShouldSetResponder={[Function]}
  style={
    Object {
      "alignItems": "center",
      "backgroundColor": "#46A2F8",
      "height": 100,
      "justifyContent": "center",
      "opacity": 1,
    }
  }
>
  <Text
    style={
      Array [
        Object {
          "color": "#ffffff",
          "fontSize": 16,
          "fontWeight": "bold",
        },
      ]
    }
  >
    test
  </Text>
</View>
`;
