// Jest Snapshot v1, https://goo.gl/fbAQLP

exports[`Button.styles THEN Button SHOULD match with snapshot when is show 1`] = `
<View
  accessible={true}
  focusable={true}
  onClick={[Function]}
  onResponderGrant={[Function]}
  onResponderMove={[Function]}
  onResponderRelease={[Function]}
  onResponderTerminate={[Function]}
  onResponderTerminationRequest={[Function]}
  onStartShouldSetResponder={[Function]}
  style={
    Object {
      "alignItems": "center",
      "backgroundColor": "#46A2F8",
      "flexDirection": "row",
      "justifyContent": "center",
      "opacity": 1,
      "paddingBottom": 15,
      "paddingLeft": 15,
      "paddingRight": 15,
      "paddingTop": 15,
    }
  }
>
  <Text
    style={
      Array [
        Object {
          "color": "#ffffff",
          "fontWeight": "bold",
        },
      ]
    }
  >
    test
  </Text>
</View>
`;
